2026/01/20 11:37:14: INFO: ----- test_title_verification started -----
2026/01/20 11:37:17: INFO: test_title_verification PASSED (title matched)
2026/01/20 11:37:21: INFO: ----- test_valid_login started -----
2026/01/20 11:37:29: INFO: test_valid_login PASSED (dashboard text matched)
2026/01/20 11:37:32: INFO: ----- test_invalid_login started -----
2026/01/20 11:37:40: INFO: test_invalid_login PASSED (error message matched)
2026/01/20 11:39:13: INFO: ----- test_add_user started -----
2026/01/20 11:39:29: INFO: login successful
2026/01/20 11:40:09: INFO: ----- test_valid_login started -----
2026/01/20 11:40:27: INFO: test_valid_login PASSED (dashboard text matched)
2026/01/20 11:40:43: INFO: ----- test_add_user started -----
2026/01/20 11:40:48: INFO: login successful
2026/01/20 11:41:04: INFO: add new user successfully
2026/01/20 11:41:07: INFO: ----- test_valid_login started -----
2026/01/20 11:41:16: INFO: test_valid_login PASSED (dashboard text matched)
2026/01/20 11:41:39: INFO: ----- test_valid_login started -----
2026/01/20 11:41:52: INFO: test_valid_login PASSED (dashboard text matched)
2026/01/20 11:42:27: INFO: ----- test_add_user started -----
2026/01/20 11:42:33: INFO: login successful
2026/01/20 11:42:56: INFO: add new user successfully
2026/01/20 11:42:59: INFO: ----- test_title_verification started -----
2026/01/20 11:43:05: INFO: test_title_verification PASSED (title matched)
2026/01/20 11:43:08: INFO: ----- test_valid_login started -----
2026/01/20 11:43:27: INFO: test_valid_login PASSED (dashboard text matched)
2026/01/20 11:43:31: INFO: ----- test_invalid_login started -----
2026/01/20 11:43:49: INFO: test_invalid_login PASSED (error message matched)
2026/01/20 11:46:18: INFO: ----- test_title_verification started -----
2026/01/20 11:46:22: INFO: test_title_verification PASSED (title matched)
2026/01/20 11:46:26: INFO: ----- test_valid_login started -----
2026/01/20 11:46:33: INFO: test_valid_login PASSED (dashboard text matched)
2026/01/20 11:46:37: INFO: ----- test_invalid_login started -----
2026/01/20 11:46:44: INFO: test_invalid_login PASSED (error message matched)
2026/01/20 11:48:30: INFO: ----- test_title_verification started -----
2026/01/20 11:48:34: INFO: test_title_verification PASSED (title matched)
2026/01/20 11:48:43: INFO: ----- test_valid_login started -----
2026/01/20 11:48:57: INFO: test_valid_login PASSED (dashboard text matched)
2026/01/20 11:49:06: INFO: ----- test_invalid_login started -----
2026/01/20 11:49:18: INFO: test_invalid_login PASSED (error message matched)
2026/01/20 11:50:11: INFO: ----- test_title_verification started -----
2026/01/20 11:50:15: INFO: test_title_verification PASSED (title matched)
2026/01/20 11:50:19: INFO: ----- test_valid_login started -----
2026/01/20 11:50:26: INFO: test_valid_login PASSED (dashboard text matched)
2026/01/20 11:50:29: INFO: ----- test_invalid_login started -----
2026/01/20 11:50:37: INFO: test_invalid_login PASSED (error message matched)
2026/01/20 11:50:57: INFO: ----- test_add_user started -----
2026/01/20 11:51:02: INFO: login successful
2026/01/20 11:51:18: INFO: add new user successfully
2026/01/20 11:51:21: INFO: ----- test_valid_login started -----
2026/01/20 11:51:29: INFO: test_valid_login PASSED (dashboard text matched)
2026/01/20 11:51:32: INFO: test_valid_login_data_driven started
2026/01/20 11:51:41: INFO: Test data driven login PASSED
2026/01/20 11:51:51: INFO: Test data driven login PASSED
2026/01/20 11:51:57: INFO: Test data driven login PASSED
2026/01/20 11:52:12: INFO: Test data driven login PASSED
2026/01/20 11:52:22: INFO: Test data driven login PASSED
2026/01/20 11:52:33: INFO: Test data driven login PASSED
2026/01/20 11:52:43: INFO: Test data driven login PASSED
2026/01/20 11:52:54: INFO: Test data driven login PASSED
2026/01/20 11:53:04: INFO: Test data driven login PASSED
2026/01/20 11:53:04: INFO: Test data driven login overall PASSED
2026/01/20 11:53:33: INFO: ----- test_valid_login started -----
2026/01/20 11:53:40: INFO: test_valid_login PASSED (dashboard text matched)
2026/01/20 11:53:58: INFO: ----- test_add_user started -----
2026/01/20 11:54:04: INFO: login successful
2026/01/20 11:54:20: INFO: add new user successfully
2026/01/20 11:54:23: INFO: ----- test_title_verification started -----
2026/01/20 11:54:27: INFO: test_title_verification PASSED (title matched)
2026/01/20 11:54:31: INFO: ----- test_valid_login started -----
2026/01/20 11:54:40: INFO: test_valid_login PASSED (dashboard text matched)
2026/01/20 11:54:44: INFO: ----- test_invalid_login started -----
2026/01/20 11:54:50: INFO: test_invalid_login PASSED (error message matched)
2026/01/20 11:54:54: INFO: test_valid_login_data_driven started
2026/01/20 11:55:01: INFO: Test data driven login PASSED
2026/01/20 11:55:07: INFO: Test data driven login PASSED
2026/01/20 11:55:15: INFO: Test data driven login PASSED
2026/01/20 11:55:29: INFO: Test data driven login PASSED
2026/01/20 11:55:40: INFO: Test data driven login PASSED
2026/01/20 11:55:51: INFO: Test data driven login PASSED
2026/01/20 11:56:01: INFO: Test data driven login PASSED
2026/01/20 11:56:12: INFO: Test data driven login PASSED
2026/01/20 11:56:22: INFO: Test data driven login PASSED
2026/01/20 11:56:22: INFO: Test data driven login overall PASSED
2026/01/20 16:38:53: INFO: ----- test_add_user started -----
2026/01/20 16:39:01: INFO: login successful
2026/01/20 16:39:38: INFO: add new user successfully
2026/01/20 16:39:41: INFO: ----- test_title_verification started -----
2026/01/20 16:39:47: INFO: test_title_verification PASSED (title matched)
2026/01/20 16:39:51: INFO: ----- test_valid_login started -----
2026/01/20 16:40:10: INFO: test_valid_login PASSED (dashboard text matched)
2026/01/20 16:40:14: INFO: ----- test_invalid_login started -----
2026/01/20 16:40:22: INFO: test_invalid_login PASSED (error message matched)
2026/01/20 16:40:25: INFO: test_valid_login_data_driven started
2026/01/20 16:40:34: INFO: Test data driven login PASSED
2026/01/20 16:40:41: INFO: Test data driven login PASSED
2026/01/20 16:40:51: INFO: Test data driven login PASSED
2026/01/20 16:41:04: INFO: Test data driven login PASSED
2026/01/20 16:41:15: INFO: Test data driven login PASSED
2026/01/20 16:41:25: INFO: Test data driven login PASSED
2026/01/20 16:41:35: INFO: Test data driven login PASSED
2026/01/20 16:41:46: INFO: Test data driven login PASSED
2026/01/20 16:41:57: INFO: Test data driven login PASSED
2026/01/20 16:41:57: INFO: Test data driven login overall PASSED
2026/01/20 20:48:21: INFO: ----- test_add_user started -----
2026/01/20 20:48:45: INFO: login successful
2026/01/20 20:49:14: INFO: add new user successfully
2026/01/20 20:49:18: INFO: ----- test_title_verification started -----
2026/01/20 20:49:36: INFO: test_title_verification PASSED (title matched)
2026/01/20 20:49:40: INFO: ----- test_valid_login started -----
2026/01/20 20:49:55: INFO: test_valid_login PASSED (dashboard text matched)
2026/01/20 20:49:58: INFO: ----- test_invalid_login started -----
2026/01/20 20:50:10: INFO: test_invalid_login PASSED (error message matched)
2026/01/20 20:50:14: INFO: test_valid_login_data_driven started
2026/01/20 20:50:31: INFO: Test data driven login PASSED
2026/01/20 20:50:39: INFO: Test data driven login PASSED
2026/01/20 20:50:45: INFO: Test data driven login PASSED
2026/01/20 20:51:00: INFO: Test data driven login PASSED
2026/01/20 20:51:11: INFO: Test data driven login PASSED
2026/01/20 20:51:22: INFO: Test data driven login PASSED
2026/01/20 20:51:32: INFO: Test data driven login PASSED
2026/01/20 20:51:43: INFO: Test data driven login PASSED
2026/01/20 20:51:53: INFO: Test data driven login PASSED
2026/01/20 20:51:53: INFO: Test data driven login overall PASSED
2026/01/20 20:59:28: INFO: ----- test_add_user started -----
2026/01/20 20:59:38: INFO: login successful
2026/01/20 21:00:10: INFO: ----- test_title_verification started -----
2026/01/20 21:00:32: INFO: test_title_verification PASSED (title matched)
2026/01/20 21:00:35: INFO: ----- test_valid_login started -----
2026/01/20 21:00:43: INFO: test_valid_login PASSED (dashboard text matched)
2026/01/20 21:00:47: INFO: ----- test_invalid_login started -----
2026/01/20 21:01:07: INFO: test_invalid_login PASSED (error message matched)
2026/01/20 21:01:10: INFO: test_valid_login_data_driven started
2026/01/20 21:01:22: INFO: Test data driven login PASSED
2026/01/20 21:01:28: INFO: Test data driven login PASSED
2026/01/20 21:01:32: INFO: Test data driven login PASSED
2026/01/20 21:01:49: INFO: Test data driven login PASSED
2026/01/20 21:02:00: INFO: Test data driven login PASSED
2026/01/20 21:02:10: INFO: Test data driven login PASSED
2026/01/20 21:02:21: INFO: Test data driven login PASSED
2026/01/20 21:02:31: INFO: Test data driven login PASSED
2026/01/20 21:02:42: INFO: Test data driven login PASSED
2026/01/20 21:02:42: INFO: Test data driven login overall PASSED
2026/01/20 21:03:33: INFO: ----- test_add_user started -----
2026/01/20 21:03:39: INFO: login successful
2026/01/20 21:03:54: INFO: add new user successfully
2026/01/20 21:03:58: INFO: ----- test_title_verification started -----
2026/01/20 21:04:10: INFO: test_title_verification PASSED (title matched)
2026/01/20 21:04:13: INFO: ----- test_valid_login started -----
2026/01/20 21:04:21: INFO: test_valid_login PASSED (dashboard text matched)
2026/01/20 21:04:24: INFO: ----- test_invalid_login started -----
2026/01/20 21:04:31: INFO: test_invalid_login PASSED (error message matched)
2026/01/20 21:04:34: INFO: test_valid_login_data_driven started
2026/01/20 21:04:52: INFO: Test data driven login PASSED
2026/01/20 21:04:59: INFO: Test data driven login PASSED
2026/01/20 21:05:05: INFO: Test data driven login PASSED
2026/01/20 21:05:18: INFO: Test data driven login PASSED
2026/01/20 21:05:28: INFO: Test data driven login PASSED
2026/01/20 21:05:39: INFO: Test data driven login PASSED
2026/01/20 21:05:49: INFO: Test data driven login PASSED
2026/01/20 21:06:00: INFO: Test data driven login PASSED
2026/01/20 21:06:11: INFO: Test data driven login PASSED
2026/01/20 21:06:11: INFO: Test data driven login overall PASSED
2026/01/20 21:06:49: INFO: ----- test_add_user started -----
2026/01/20 21:06:56: INFO: login successful
2026/01/20 21:07:10: INFO: add new user successfully
2026/01/20 21:07:13: INFO: ----- test_title_verification started -----
2026/01/20 21:07:19: INFO: test_title_verification PASSED (title matched)
2026/01/20 21:07:22: INFO: ----- test_valid_login started -----
2026/01/20 21:07:29: INFO: test_valid_login PASSED (dashboard text matched)
2026/01/20 21:07:33: INFO: ----- test_invalid_login started -----
2026/01/20 21:07:40: INFO: test_invalid_login PASSED (error message matched)
2026/01/20 21:07:44: INFO: test_valid_login_data_driven started
2026/01/20 21:07:55: INFO: Test data driven login PASSED
2026/01/20 21:08:01: INFO: Test data driven login PASSED
2026/01/20 21:08:08: INFO: Test data driven login PASSED
2026/01/20 21:08:24: INFO: Test data driven login PASSED
2026/01/20 21:08:35: INFO: Test data driven login PASSED
2026/01/20 21:08:45: INFO: Test data driven login PASSED
2026/01/20 21:08:56: INFO: Test data driven login PASSED
2026/01/20 21:09:06: INFO: Test data driven login PASSED
2026/01/20 21:09:17: INFO: Test data driven login PASSED
2026/01/20 21:09:17: INFO: Test data driven login overall PASSED
2026/01/20 21:10:12: INFO: ----- test_add_user started -----
2026/01/20 21:10:25: INFO: login successful
2026/01/20 21:10:52: INFO: add new user successfully
2026/01/20 21:11:01: INFO: ----- test_title_verification started -----
2026/01/20 21:11:06: INFO: test_title_verification PASSED (title matched)
2026/01/20 21:11:15: INFO: ----- test_valid_login started -----
2026/01/20 21:11:23: INFO: test_valid_login PASSED (dashboard text matched)
2026/01/20 21:11:33: INFO: ----- test_invalid_login started -----
2026/01/20 21:11:39: INFO: test_invalid_login PASSED (error message matched)
2026/01/20 21:11:49: INFO: test_valid_login_data_driven started
2026/01/20 21:11:58: INFO: Test data driven login PASSED
2026/01/20 21:12:03: INFO: Test data driven login PASSED
2026/01/20 21:12:09: INFO: Test data driven login PASSED
2026/01/20 21:12:23: INFO: Test data driven login PASSED
2026/01/20 21:12:35: INFO: Test data driven login PASSED
2026/01/20 21:12:46: INFO: Test data driven login PASSED
2026/01/20 21:12:58: INFO: Test data driven login PASSED
2026/01/20 21:13:10: INFO: Test data driven login PASSED
2026/01/20 21:13:21: INFO: Test data driven login PASSED
2026/01/20 21:13:21: INFO: Test data driven login overall PASSED
2026/01/20 21:13:46: INFO: ----- test_title_verification started -----
2026/01/20 21:13:52: INFO: test_title_verification PASSED (title matched)
2026/01/20 21:13:56: INFO: ----- test_valid_login started -----
2026/01/20 21:14:04: INFO: test_valid_login PASSED (dashboard text matched)
2026/01/20 21:14:07: INFO: ----- test_invalid_login started -----
2026/01/20 21:14:17: INFO: test_invalid_login PASSED (error message matched)
2026/01/20 21:14:59: INFO: ----- test_title_verification started -----
2026/01/20 21:15:19: INFO: test_title_verification PASSED (title matched)
2026/01/20 21:15:23: INFO: ----- test_valid_login started -----
2026/01/20 21:15:36: INFO: test_valid_login PASSED (dashboard text matched)
2026/01/20 21:15:39: INFO: ----- test_invalid_login started -----
2026/01/20 21:15:48: INFO: test_invalid_login PASSED (error message matched)
2026/01/20 21:17:42: INFO: ----- test_title_verification started -----
2026/01/20 21:17:49: INFO: test_title_verification PASSED (title matched)
2026/01/20 21:17:59: INFO: ----- test_valid_login started -----
2026/01/20 21:18:08: INFO: test_valid_login PASSED (dashboard text matched)
2026/01/20 21:18:17: INFO: ----- test_invalid_login started -----
2026/01/20 21:18:24: INFO: test_invalid_login PASSED (error message matched)
2026/01/20 21:18:54: INFO: ----- test_add_user started -----
2026/01/20 21:19:10: INFO: login successful
2026/01/20 21:19:42: INFO: add new user successfully
2026/01/20 21:19:45: INFO: ----- test_valid_login started -----
2026/01/20 21:20:02: INFO: test_valid_login PASSED (dashboard text matched)
2026/01/20 21:20:05: INFO: test_valid_login_data_driven started
2026/01/20 21:20:16: INFO: Test data driven login PASSED
2026/01/20 21:20:28: INFO: Test data driven login PASSED
2026/01/20 21:20:39: INFO: Test data driven login PASSED
2026/01/20 21:20:52: INFO: Test data driven login PASSED
2026/01/20 21:21:03: INFO: Test data driven login PASSED
2026/01/20 21:21:14: INFO: Test data driven login PASSED
2026/01/20 21:21:24: INFO: Test data driven login PASSED
2026/01/20 21:21:35: INFO: Test data driven login PASSED
2026/01/20 21:21:46: INFO: Test data driven login PASSED
2026/01/20 21:21:46: INFO: Test data driven login overall PASSED
2026/01/20 21:22:47: INFO: ----- test_add_user started -----
2026/01/20 21:23:14: INFO: login successful
2026/01/20 21:23:28: INFO: add new user successfully
2026/01/20 21:23:32: INFO: ----- test_valid_login started -----
2026/01/20 21:23:39: INFO: test_valid_login PASSED (dashboard text matched)
2026/01/20 21:23:43: INFO: test_valid_login_data_driven started
2026/01/20 21:23:50: INFO: Test data driven login PASSED
2026/01/20 21:23:57: INFO: Test data driven login PASSED
2026/01/20 21:24:03: INFO: Test data driven login PASSED
2026/01/20 21:24:18: INFO: Test data driven login PASSED
2026/01/20 21:24:28: INFO: Test data driven login PASSED
2026/01/20 21:24:39: INFO: Test data driven login PASSED
2026/01/20 21:24:49: INFO: Test data driven login PASSED
2026/01/20 21:25:01: INFO: Test data driven login PASSED
2026/01/20 21:25:11: INFO: Test data driven login PASSED
2026/01/20 21:25:11: INFO: Test data driven login overall PASSED
2026/01/20 21:25:51: INFO: ----- test_add_user started -----
2026/01/20 21:26:02: INFO: login successful
2026/01/20 21:26:15: INFO: add new user successfully
2026/01/20 21:26:24: INFO: ----- test_valid_login started -----
2026/01/20 21:26:45: INFO: test_valid_login PASSED (dashboard text matched)
2026/01/20 21:26:54: INFO: test_valid_login_data_driven started
2026/01/20 21:27:24: INFO: Test data driven login PASSED
2026/01/20 21:27:30: INFO: Test data driven login PASSED
2026/01/20 21:27:35: INFO: Test data driven login PASSED
2026/01/20 21:27:50: INFO: Test data driven login PASSED
2026/01/20 21:28:02: INFO: Test data driven login PASSED
2026/01/20 21:28:14: INFO: Test data driven login PASSED
2026/01/20 21:28:25: INFO: Test data driven login PASSED
2026/01/20 21:28:37: INFO: Test data driven login PASSED
2026/01/20 21:28:49: INFO: Test data driven login PASSED
2026/01/20 21:28:49: INFO: Test data driven login overall PASSED
2026/01/20 21:36:18: INFO: ----- test_valid_login started -----
2026/01/20 21:36:40: INFO: test_valid_login PASSED (dashboard text matched)
2026/01/20 21:38:09: INFO: ----- test_valid_login started -----
2026/01/20 21:38:17: INFO: test_valid_login PASSED (dashboard text matched)
2026/01/20 21:38:40: INFO: ----- test_valid_login started -----
2026/01/20 21:39:05: INFO: test_valid_login PASSED (dashboard text matched)
2026/01/20 21:39:13: INFO: ----- test_valid_login started -----
2026/01/20 21:39:34: INFO: test_valid_login PASSED (dashboard text matched)
2026/01/20 21:39:49: INFO: ----- test_valid_login started -----
2026/01/20 21:39:57: INFO: test_valid_login PASSED (dashboard text matched)
2026/01/20 21:40:20: INFO: ----- test_valid_login started -----
2026/01/20 21:40:41: INFO: test_valid_login PASSED (dashboard text matched)
2026/01/20 21:41:36: INFO: ----- test_add_user started -----
2026/01/20 21:41:41: INFO: login successful
2026/01/20 21:41:57: INFO: add new user successfully
2026/01/20 21:42:01: INFO: ----- test_title_verification started -----
2026/01/20 21:42:27: INFO: test_title_verification PASSED (title matched)
2026/01/20 21:42:30: INFO: ----- test_valid_login started -----
2026/01/20 21:42:43: INFO: test_valid_login PASSED (dashboard text matched)
2026/01/20 21:42:46: INFO: ----- test_invalid_login started -----
2026/01/20 21:42:58: INFO: test_invalid_login PASSED (error message matched)
2026/01/20 21:43:01: INFO: test_valid_login_data_driven started
2026/01/20 21:43:29: INFO: Test data driven login PASSED
2026/01/20 21:43:36: INFO: Test data driven login PASSED
2026/01/20 21:43:41: INFO: Test data driven login PASSED
2026/01/20 21:43:55: INFO: Test data driven login PASSED
2026/01/20 21:44:06: INFO: Test data driven login PASSED
2026/01/20 21:44:17: INFO: Test data driven login PASSED
2026/01/20 21:44:27: INFO: Test data driven login PASSED
2026/01/20 21:44:38: INFO: Test data driven login PASSED
2026/01/20 21:44:49: INFO: Test data driven login PASSED
2026/01/20 21:44:49: INFO: Test data driven login overall PASSED
2026/02/25 11:36:28: INFO: ----- test_add_user started -----
2026/02/25 11:36:34: INFO: login successful
2026/02/25 11:36:51: INFO: add new user successfully
2026/02/25 11:36:55: INFO: ----- test_title_verification started -----
2026/02/25 11:36:59: INFO: test_title_verification PASSED (title matched)
2026/02/25 11:37:02: INFO: ----- test_valid_login started -----
2026/02/25 11:37:12: INFO: test_valid_login PASSED (dashboard text matched)
2026/02/25 11:37:15: INFO: ----- test_invalid_login started -----
2026/02/25 11:37:23: INFO: test_invalid_login PASSED (error message matched)
2026/02/25 11:37:26: INFO: test_valid_login_data_driven started
2026/02/25 11:37:36: INFO: Test data driven login PASSED
2026/02/25 11:37:48: INFO: Test data driven login PASSED
2026/02/25 11:37:57: INFO: Test data driven login PASSED
2026/02/25 11:38:17: INFO: Test data driven login PASSED
2026/02/25 11:38:28: INFO: Test data driven login PASSED
2026/02/25 11:38:38: INFO: Test data driven login PASSED
2026/02/25 11:38:49: INFO: Test data driven login PASSED
2026/02/25 11:39:03: INFO: Test data driven login PASSED
2026/02/25 11:39:14: INFO: Test data driven login PASSED
2026/02/25 11:39:14: INFO: Test data driven login overall PASSED
